// Jest Snapshot v1, https://goo.gl/fbAQLP

exports[`ModalChangePassword component render modalChangePassword correctly 1`] = `
Object {
  "asFragment": [Function],
  "baseElement": <body>
    <div>
      <div
        class="container"
      >
        <div
          class="justify-center items-center flex overflow-x-hidden overflow-y-auto fixed inset-0 z-50 outline-none focus:outline-none"
        >
          <div
            class="relative w-full my-6 mx-auto max-w-3xl"
          >
            <div
              class="border-0 rounded-lg shadow-lg relative flex flex-col w-full bg-white outline-none focus:outline-none p-3"
            >
              <div
                class="flex items-start justify-between border-b border-solid border-gray-300 rounded-t "
              >
                <div
                  class="flex-col"
                >
                  <h3
                    class="text-3xl font-semibold"
                  >
                    Change Password By Adminstrator
                  </h3>
                </div>
                <button
                  class="p-1  border-0 text-black opacity-1 ml-6 float-right text-3xl leading-none font-semibold outline-none focus:outline-none"
                >
                  <span
                    class=" text-black h-6 w-6 text-2xl block outline-none focus:outline-none"
                  >
                    ×
                  </span>
                </button>
              </div>
              <div
                class="relative p-3 flex-auto"
              >
                <span
                  class="flex flex-col space-y-4    flex-1 items-stretch"
                >
                  <div>
                    <label
                      class="text-gray-700 block text-3xs font-medium  mb-1"
                      for=""
                    >
                      New Password
                    </label>
                    <input
                      autocomplete="given-name"
                      class="undefined leading-4 p-2  focus:outline-none focus:ring  block w-full shadow-sm sm:text-base  border-2  border-gray-300 rounded-md"
                      data-testid="INPT"
                      name="newPassword"
                      placeholder="New Password"
                      type="password"
                      value=""
                    />
                  </div>
                  <div>
                    <label
                      class="text-gray-700 block text-3xs font-medium  mb-1"
                      for=""
                    >
                      Confirm Password
                    </label>
                    <input
                      autocomplete="given-name"
                      class="undefined leading-4 p-2  focus:outline-none focus:ring  block w-full shadow-sm sm:text-base  border-2  border-gray-300 rounded-md"
                      data-testid="INPT"
                      name="confirmPassword"
                      placeholder="Confirm Password"
                      type="password"
                      value=""
                    />
                  </div>
                </span>
              </div>
              <div
                class="flex items-center justify-end  border-t border-solid border-gray-300 rounded-b p-2"
              >
                <button
                  class="text-red-500 background-transparent font-bold uppercase px-6 py-2 text-sm outline-none focus:outline-none mr-1 mb-1"
                  style="transition: all .15s ease;"
                  type="button"
                >
                  Later
                </button>
                <button
                  class="bg-green-500 text-white active:bg-green-600 font-bold uppercase text-sm px-6 py-3 rounded shadow hover:shadow-lg outline-none focus:outline-none mr-1 mb-1"
                  style="transition: all .15s ease;"
                  type="button"
                >
                  Change
                </button>
              </div>
            </div>
          </div>
        </div>
        <div
          class="opacity-25 fixed inset-0 z-40 bg-black"
        />
      </div>
    </div>
  </body>,
  "container": <div>
    <div
      class="container"
    >
      <div
        class="justify-center items-center flex overflow-x-hidden overflow-y-auto fixed inset-0 z-50 outline-none focus:outline-none"
      >
        <div
          class="relative w-full my-6 mx-auto max-w-3xl"
        >
          <div
            class="border-0 rounded-lg shadow-lg relative flex flex-col w-full bg-white outline-none focus:outline-none p-3"
          >
            <div
              class="flex items-start justify-between border-b border-solid border-gray-300 rounded-t "
            >
              <div
                class="flex-col"
              >
                <h3
                  class="text-3xl font-semibold"
                >
                  Change Password By Adminstrator
                </h3>
              </div>
              <button
                class="p-1  border-0 text-black opacity-1 ml-6 float-right text-3xl leading-none font-semibold outline-none focus:outline-none"
              >
                <span
                  class=" text-black h-6 w-6 text-2xl block outline-none focus:outline-none"
                >
                  ×
                </span>
              </button>
            </div>
            <div
              class="relative p-3 flex-auto"
            >
              <span
                class="flex flex-col space-y-4    flex-1 items-stretch"
              >
                <div>
                  <label
                    class="text-gray-700 block text-3xs font-medium  mb-1"
                    for=""
                  >
                    New Password
                  </label>
                  <input
                    autocomplete="given-name"
                    class="undefined leading-4 p-2  focus:outline-none focus:ring  block w-full shadow-sm sm:text-base  border-2  border-gray-300 rounded-md"
                    data-testid="INPT"
                    name="newPassword"
                    placeholder="New Password"
                    type="password"
                    value=""
                  />
                </div>
                <div>
                  <label
                    class="text-gray-700 block text-3xs font-medium  mb-1"
                    for=""
                  >
                    Confirm Password
                  </label>
                  <input
                    autocomplete="given-name"
                    class="undefined leading-4 p-2  focus:outline-none focus:ring  block w-full shadow-sm sm:text-base  border-2  border-gray-300 rounded-md"
                    data-testid="INPT"
                    name="confirmPassword"
                    placeholder="Confirm Password"
                    type="password"
                    value=""
                  />
                </div>
              </span>
            </div>
            <div
              class="flex items-center justify-end  border-t border-solid border-gray-300 rounded-b p-2"
            >
              <button
                class="text-red-500 background-transparent font-bold uppercase px-6 py-2 text-sm outline-none focus:outline-none mr-1 mb-1"
                style="transition: all .15s ease;"
                type="button"
              >
                Later
              </button>
              <button
                class="bg-green-500 text-white active:bg-green-600 font-bold uppercase text-sm px-6 py-3 rounded shadow hover:shadow-lg outline-none focus:outline-none mr-1 mb-1"
                style="transition: all .15s ease;"
                type="button"
              >
                Change
              </button>
            </div>
          </div>
        </div>
      </div>
      <div
        class="opacity-25 fixed inset-0 z-40 bg-black"
      />
    </div>
  </div>,
  "debug": [Function],
  "findAllByAltText": [Function],
  "findAllByDisplayValue": [Function],
  "findAllByLabelText": [Function],
  "findAllByPlaceholderText": [Function],
  "findAllByRole": [Function],
  "findAllByTestId": [Function],
  "findAllByText": [Function],
  "findAllByTitle": [Function],
  "findByAltText": [Function],
  "findByDisplayValue": [Function],
  "findByLabelText": [Function],
  "findByPlaceholderText": [Function],
  "findByRole": [Function],
  "findByTestId": [Function],
  "findByText": [Function],
  "findByTitle": [Function],
  "getAllByAltText": [Function],
  "getAllByDisplayValue": [Function],
  "getAllByLabelText": [Function],
  "getAllByPlaceholderText": [Function],
  "getAllByRole": [Function],
  "getAllByTestId": [Function],
  "getAllByText": [Function],
  "getAllByTitle": [Function],
  "getByAltText": [Function],
  "getByDisplayValue": [Function],
  "getByLabelText": [Function],
  "getByPlaceholderText": [Function],
  "getByRole": [Function],
  "getByTestId": [Function],
  "getByText": [Function],
  "getByTitle": [Function],
  "queryAllByAltText": [Function],
  "queryAllByDisplayValue": [Function],
  "queryAllByLabelText": [Function],
  "queryAllByPlaceholderText": [Function],
  "queryAllByRole": [Function],
  "queryAllByTestId": [Function],
  "queryAllByText": [Function],
  "queryAllByTitle": [Function],
  "queryByAltText": [Function],
  "queryByDisplayValue": [Function],
  "queryByLabelText": [Function],
  "queryByPlaceholderText": [Function],
  "queryByRole": [Function],
  "queryByTestId": [Function],
  "queryByText": [Function],
  "queryByTitle": [Function],
  "rerender": [Function],
  "unmount": [Function],
}
`;
