// Jest Snapshot v1, https://goo.gl/fbAQLP

exports[`ReportSection Screen render reportSection correctly 1`] = `
Object {
  "asFragment": [Function],
  "baseElement": <body>
    <div>
      <div
        class="p-2 rounded-lg shadow-xl overflow-scroll"
        style="overflow-x: scroll;"
      >
        <div
          style="position: relative;"
        >
          <div>
            <div
              class="flex items-center"
            >
              <label
                class="search-label"
                for="search-bar-0"
              >
                <span
                  class="sr-only"
                  id="search-bar-0-label"
                >
                  Search this table
                </span>
                <input
                  aria-labelledby="search-bar-0-label"
                  class="form-control "
                  id="search-bar-0"
                  placeholder="Search..."
                  type="text"
                  value=""
                />
              </label>
              <button
                class="btn btn-default inline-flex ml-4 bg-gray-500 items-center small outline shadow-sm  font-medium  disabled:opacity-50 disabled:cursor-not-allowed text-center h-9 text-white"
              >
                Clear
              </button>
              <button
                class="ml-2 px-2 focus:outline-none bg-gray-500 items-center  outline shadow-sm  font-medium  text-center rounded-md h-9 text-white"
              >
                Clear all filters
              </button>
              <button
                class="react-bs-table-csv-btn btn btn-default inline-flex m-2.5 bg-gray-500 items-center  small outline shadow-sm  font-medium  disabled:opacity-50 disabled:cursor-not-allowed text-center h-9 text-white"
                type="button"
              >
                Export CSV!!
              </button>
              <div
                class="undefined"
              >
                <button
                  class="undefined inline-flex items-center px-3 py-2 text-sm rounded-lg shadow-sm   font-medium text-gray-600 border border-gray-400 hover:shadow-lg disabled:opacity-50 disabled:cursor-not-allowed text-center"
                  type="button"
                >
                  <svg
                    fill="currentColor"
                    height="1em"
                    stroke="currentColor"
                    stroke-width="0"
                    viewBox="0 0 448 512"
                    width="1em"
                    xmlns="http://www.w3.org/2000/svg"
                  >
                    <path
                      d="M207.029 381.476L12.686 187.132c-9.373-9.373-9.373-24.569 0-33.941l22.667-22.667c9.357-9.357 24.522-9.375 33.901-.04L224 284.505l154.745-154.021c9.379-9.335 24.544-9.317 33.901.04l22.667 22.667c9.373 9.373 9.373 24.569 0 33.941L240.971 381.476c-9.373 9.372-24.569 9.372-33.942 0z"
                    />
                  </svg>
                </button>
              </div>
            </div>
            <div
              style="max-width: 200px;"
            >
              <div
                class="react-bootstrap-table"
              >
                <table
                  class="table table-hover table-bordered"
                >
                  <thead>
                    <tr
                      class="bg-gray-500 text-white whitespace-nowrap"
                    >
                      <th
                        aria-label="Sr No sortable"
                        class="sortable textHeader"
                        tabindex="0"
                      >
                        Sr No
                        <span
                          class="order-4"
                        />
                      </th>
                      <th
                        aria-label="Section sortable"
                        class="sortable textHeader4"
                        tabindex="0"
                      >
                        Section
                        <span
                          class="order-4"
                        />
                        <label
                          class="filter-label"
                          for="text-filter-column-section"
                        >
                          <span
                            class="sr-only"
                          >
                            Filter by 
                            Section
                          </span>
                          <input
                            class="filter text-filter form-control undefined"
                            delay="500"
                            id="text-filter-column-section"
                            placeholder="Enter Section..."
                            type="text"
                            value=""
                          />
                        </label>
                      </th>
                    </tr>
                  </thead>
                  <tbody>
                    <tr>
                      <td
                        class="react-bs-table-no-data"
                        colspan="2"
                        data-toggle="collapse"
                      >
                        Table is Empty
                      </td>
                    </tr>
                  </tbody>
                </table>
              </div>
              <div
                class="row react-bootstrap-table-pagination"
              >
                <div
                  class="col-md-6 col-xs-6 col-sm-6 col-lg-6"
                >
                  <span
                    class="react-bs-table-sizePerPage-dropdown dropdown"
                    style="visibility: visible;"
                  >
                    <button
                      aria-expanded="false"
                      class="btn btn-default btn-secondary dropdown-toggle"
                      data-toggle="dropdown"
                      id="pageDropDown"
                      type="button"
                    >
                      10
                       
                    </button>
                    <ul
                      aria-labelledby="pageDropDown"
                      class="dropdown-menu "
                      role="menu"
                    >
                      <a
                        class="dropdown-item"
                        data-page="10"
                        href="#"
                        role="menuitem"
                        tabindex="-1"
                      >
                        10
                      </a>
                      <a
                        class="dropdown-item"
                        data-page="25"
                        href="#"
                        role="menuitem"
                        tabindex="-1"
                      >
                        25
                      </a>
                      <a
                        class="dropdown-item"
                        data-page="30"
                        href="#"
                        role="menuitem"
                        tabindex="-1"
                      >
                        30
                      </a>
                      <a
                        class="dropdown-item"
                        data-page="50"
                        href="#"
                        role="menuitem"
                        tabindex="-1"
                      >
                        50
                      </a>
                    </ul>
                  </span>
                </div>
                <div
                  class="react-bootstrap-table-pagination-list col-md-6 col-xs-6 col-sm-6 col-lg-6"
                >
                  <ul
                    class="pagination react-bootstrap-table-page-btns-ul"
                  />
                </div>
              </div>
            </div>
            <div
              class="flex items-center gap-2 mt-2"
            >
              <span
                class="react-bs-table-sizePerPage-dropdown dropdown"
                style="visibility: visible;"
              >
                <button
                  aria-expanded="false"
                  class="btn btn-default btn-secondary dropdown-toggle"
                  data-toggle="dropdown"
                  id="pageDropDown"
                  type="button"
                >
                  10
                   
                  <span>
                    <span
                      class="caret"
                    />
                  </span>
                </button>
                <ul
                  aria-labelledby="pageDropDown"
                  class="dropdown-menu "
                  role="menu"
                >
                  <li
                    class="dropdown-item"
                    role="presentation"
                  >
                    <a
                      data-page="10"
                      href="#"
                      role="menuitem"
                      tabindex="-1"
                    >
                      10
                    </a>
                  </li>
                  <li
                    class="dropdown-item"
                    role="presentation"
                  >
                    <a
                      data-page="25"
                      href="#"
                      role="menuitem"
                      tabindex="-1"
                    >
                      25
                    </a>
                  </li>
                  <li
                    class="dropdown-item"
                    role="presentation"
                  >
                    <a
                      data-page="30"
                      href="#"
                      role="menuitem"
                      tabindex="-1"
                    >
                      30
                    </a>
                  </li>
                  <li
                    class="dropdown-item"
                    role="presentation"
                  >
                    <a
                      data-page="50"
                      href="#"
                      role="menuitem"
                      tabindex="-1"
                    >
                      50
                    </a>
                  </li>
                </ul>
              </span>
              <ul
                class="pagination react-bootstrap-table-page-btns-ul"
              />
            </div>
            <div
              class="flex items-center gap-2 mt-2"
            >
              <span
                class="react-bootstrap-table-pagination-total"
              >
                 Showing rows 
                0
                 to 
                0
                 of 
                0
              </span>
            </div>
          </div>
        </div>
      </div>
      <br />
    </div>
  </body>,
  "container": <div>
    <div
      class="p-2 rounded-lg shadow-xl overflow-scroll"
      style="overflow-x: scroll;"
    >
      <div
        style="position: relative;"
      >
        <div>
          <div
            class="flex items-center"
          >
            <label
              class="search-label"
              for="search-bar-0"
            >
              <span
                class="sr-only"
                id="search-bar-0-label"
              >
                Search this table
              </span>
              <input
                aria-labelledby="search-bar-0-label"
                class="form-control "
                id="search-bar-0"
                placeholder="Search..."
                type="text"
                value=""
              />
            </label>
            <button
              class="btn btn-default inline-flex ml-4 bg-gray-500 items-center small outline shadow-sm  font-medium  disabled:opacity-50 disabled:cursor-not-allowed text-center h-9 text-white"
            >
              Clear
            </button>
            <button
              class="ml-2 px-2 focus:outline-none bg-gray-500 items-center  outline shadow-sm  font-medium  text-center rounded-md h-9 text-white"
            >
              Clear all filters
            </button>
            <button
              class="react-bs-table-csv-btn btn btn-default inline-flex m-2.5 bg-gray-500 items-center  small outline shadow-sm  font-medium  disabled:opacity-50 disabled:cursor-not-allowed text-center h-9 text-white"
              type="button"
            >
              Export CSV!!
            </button>
            <div
              class="undefined"
            >
              <button
                class="undefined inline-flex items-center px-3 py-2 text-sm rounded-lg shadow-sm   font-medium text-gray-600 border border-gray-400 hover:shadow-lg disabled:opacity-50 disabled:cursor-not-allowed text-center"
                type="button"
              >
                <svg
                  fill="currentColor"
                  height="1em"
                  stroke="currentColor"
                  stroke-width="0"
                  viewBox="0 0 448 512"
                  width="1em"
                  xmlns="http://www.w3.org/2000/svg"
                >
                  <path
                    d="M207.029 381.476L12.686 187.132c-9.373-9.373-9.373-24.569 0-33.941l22.667-22.667c9.357-9.357 24.522-9.375 33.901-.04L224 284.505l154.745-154.021c9.379-9.335 24.544-9.317 33.901.04l22.667 22.667c9.373 9.373 9.373 24.569 0 33.941L240.971 381.476c-9.373 9.372-24.569 9.372-33.942 0z"
                  />
                </svg>
              </button>
            </div>
          </div>
          <div
            style="max-width: 200px;"
          >
            <div
              class="react-bootstrap-table"
            >
              <table
                class="table table-hover table-bordered"
              >
                <thead>
                  <tr
                    class="bg-gray-500 text-white whitespace-nowrap"
                  >
                    <th
                      aria-label="Sr No sortable"
                      class="sortable textHeader"
                      tabindex="0"
                    >
                      Sr No
                      <span
                        class="order-4"
                      />
                    </th>
                    <th
                      aria-label="Section sortable"
                      class="sortable textHeader4"
                      tabindex="0"
                    >
                      Section
                      <span
                        class="order-4"
                      />
                      <label
                        class="filter-label"
                        for="text-filter-column-section"
                      >
                        <span
                          class="sr-only"
                        >
                          Filter by 
                          Section
                        </span>
                        <input
                          class="filter text-filter form-control undefined"
                          delay="500"
                          id="text-filter-column-section"
                          placeholder="Enter Section..."
                          type="text"
                          value=""
                        />
                      </label>
                    </th>
                  </tr>
                </thead>
                <tbody>
                  <tr>
                    <td
                      class="react-bs-table-no-data"
                      colspan="2"
                      data-toggle="collapse"
                    >
                      Table is Empty
                    </td>
                  </tr>
                </tbody>
              </table>
            </div>
            <div
              class="row react-bootstrap-table-pagination"
            >
              <div
                class="col-md-6 col-xs-6 col-sm-6 col-lg-6"
              >
                <span
                  class="react-bs-table-sizePerPage-dropdown dropdown"
                  style="visibility: visible;"
                >
                  <button
                    aria-expanded="false"
                    class="btn btn-default btn-secondary dropdown-toggle"
                    data-toggle="dropdown"
                    id="pageDropDown"
                    type="button"
                  >
                    10
                     
                  </button>
                  <ul
                    aria-labelledby="pageDropDown"
                    class="dropdown-menu "
                    role="menu"
                  >
                    <a
                      class="dropdown-item"
                      data-page="10"
                      href="#"
                      role="menuitem"
                      tabindex="-1"
                    >
                      10
                    </a>
                    <a
                      class="dropdown-item"
                      data-page="25"
                      href="#"
                      role="menuitem"
                      tabindex="-1"
                    >
                      25
                    </a>
                    <a
                      class="dropdown-item"
                      data-page="30"
                      href="#"
                      role="menuitem"
                      tabindex="-1"
                    >
                      30
                    </a>
                    <a
                      class="dropdown-item"
                      data-page="50"
                      href="#"
                      role="menuitem"
                      tabindex="-1"
                    >
                      50
                    </a>
                  </ul>
                </span>
              </div>
              <div
                class="react-bootstrap-table-pagination-list col-md-6 col-xs-6 col-sm-6 col-lg-6"
              >
                <ul
                  class="pagination react-bootstrap-table-page-btns-ul"
                />
              </div>
            </div>
          </div>
          <div
            class="flex items-center gap-2 mt-2"
          >
            <span
              class="react-bs-table-sizePerPage-dropdown dropdown"
              style="visibility: visible;"
            >
              <button
                aria-expanded="false"
                class="btn btn-default btn-secondary dropdown-toggle"
                data-toggle="dropdown"
                id="pageDropDown"
                type="button"
              >
                10
                 
                <span>
                  <span
                    class="caret"
                  />
                </span>
              </button>
              <ul
                aria-labelledby="pageDropDown"
                class="dropdown-menu "
                role="menu"
              >
                <li
                  class="dropdown-item"
                  role="presentation"
                >
                  <a
                    data-page="10"
                    href="#"
                    role="menuitem"
                    tabindex="-1"
                  >
                    10
                  </a>
                </li>
                <li
                  class="dropdown-item"
                  role="presentation"
                >
                  <a
                    data-page="25"
                    href="#"
                    role="menuitem"
                    tabindex="-1"
                  >
                    25
                  </a>
                </li>
                <li
                  class="dropdown-item"
                  role="presentation"
                >
                  <a
                    data-page="30"
                    href="#"
                    role="menuitem"
                    tabindex="-1"
                  >
                    30
                  </a>
                </li>
                <li
                  class="dropdown-item"
                  role="presentation"
                >
                  <a
                    data-page="50"
                    href="#"
                    role="menuitem"
                    tabindex="-1"
                  >
                    50
                  </a>
                </li>
              </ul>
            </span>
            <ul
              class="pagination react-bootstrap-table-page-btns-ul"
            />
          </div>
          <div
            class="flex items-center gap-2 mt-2"
          >
            <span
              class="react-bootstrap-table-pagination-total"
            >
               Showing rows 
              0
               to 
              0
               of 
              0
            </span>
          </div>
        </div>
      </div>
    </div>
    <br />
  </div>,
  "debug": [Function],
  "findAllByAltText": [Function],
  "findAllByDisplayValue": [Function],
  "findAllByLabelText": [Function],
  "findAllByPlaceholderText": [Function],
  "findAllByRole": [Function],
  "findAllByTestId": [Function],
  "findAllByText": [Function],
  "findAllByTitle": [Function],
  "findByAltText": [Function],
  "findByDisplayValue": [Function],
  "findByLabelText": [Function],
  "findByPlaceholderText": [Function],
  "findByRole": [Function],
  "findByTestId": [Function],
  "findByText": [Function],
  "findByTitle": [Function],
  "getAllByAltText": [Function],
  "getAllByDisplayValue": [Function],
  "getAllByLabelText": [Function],
  "getAllByPlaceholderText": [Function],
  "getAllByRole": [Function],
  "getAllByTestId": [Function],
  "getAllByText": [Function],
  "getAllByTitle": [Function],
  "getByAltText": [Function],
  "getByDisplayValue": [Function],
  "getByLabelText": [Function],
  "getByPlaceholderText": [Function],
  "getByRole": [Function],
  "getByTestId": [Function],
  "getByText": [Function],
  "getByTitle": [Function],
  "queryAllByAltText": [Function],
  "queryAllByDisplayValue": [Function],
  "queryAllByLabelText": [Function],
  "queryAllByPlaceholderText": [Function],
  "queryAllByRole": [Function],
  "queryAllByTestId": [Function],
  "queryAllByText": [Function],
  "queryAllByTitle": [Function],
  "queryByAltText": [Function],
  "queryByDisplayValue": [Function],
  "queryByLabelText": [Function],
  "queryByPlaceholderText": [Function],
  "queryByRole": [Function],
  "queryByTestId": [Function],
  "queryByText": [Function],
  "queryByTitle": [Function],
  "rerender": [Function],
  "unmount": [Function],
}
`;
