// Jest Snapshot v1, https://goo.gl/fbAQLP

exports[`Tooltip component render tooltip correctly 1`] = `
Object {
  "asFragment": [Function],
  "baseElement": <body>
    <div>
      <div
        class="undefined relative flex items-center"
      >
        <div
          class="absolute  whitespace-no-wrap bg-gradient-to-r from-black to-gray-700 text-white px-4 py-2 rounded flex items-center transition-all duration-150 z-50"
          style="left: -20px; bottom: -50px; opacity: 0;"
        >
          <div
            class="bg-black h-3 w-3 absolute"
            style="top: -6px; transform: rotate(45deg);"
          />
          <div />
        </div>
      </div>
    </div>
  </body>,
  "container": <div>
    <div
      class="undefined relative flex items-center"
    >
      <div
        class="absolute  whitespace-no-wrap bg-gradient-to-r from-black to-gray-700 text-white px-4 py-2 rounded flex items-center transition-all duration-150 z-50"
        style="left: -20px; bottom: -50px; opacity: 0;"
      >
        <div
          class="bg-black h-3 w-3 absolute"
          style="top: -6px; transform: rotate(45deg);"
        />
        <div />
      </div>
    </div>
  </div>,
  "debug": [Function],
  "findAllByAltText": [Function],
  "findAllByDisplayValue": [Function],
  "findAllByLabelText": [Function],
  "findAllByPlaceholderText": [Function],
  "findAllByRole": [Function],
  "findAllByTestId": [Function],
  "findAllByText": [Function],
  "findAllByTitle": [Function],
  "findByAltText": [Function],
  "findByDisplayValue": [Function],
  "findByLabelText": [Function],
  "findByPlaceholderText": [Function],
  "findByRole": [Function],
  "findByTestId": [Function],
  "findByText": [Function],
  "findByTitle": [Function],
  "getAllByAltText": [Function],
  "getAllByDisplayValue": [Function],
  "getAllByLabelText": [Function],
  "getAllByPlaceholderText": [Function],
  "getAllByRole": [Function],
  "getAllByTestId": [Function],
  "getAllByText": [Function],
  "getAllByTitle": [Function],
  "getByAltText": [Function],
  "getByDisplayValue": [Function],
  "getByLabelText": [Function],
  "getByPlaceholderText": [Function],
  "getByRole": [Function],
  "getByTestId": [Function],
  "getByText": [Function],
  "getByTitle": [Function],
  "queryAllByAltText": [Function],
  "queryAllByDisplayValue": [Function],
  "queryAllByLabelText": [Function],
  "queryAllByPlaceholderText": [Function],
  "queryAllByRole": [Function],
  "queryAllByTestId": [Function],
  "queryAllByText": [Function],
  "queryAllByTitle": [Function],
  "queryByAltText": [Function],
  "queryByDisplayValue": [Function],
  "queryByLabelText": [Function],
  "queryByPlaceholderText": [Function],
  "queryByRole": [Function],
  "queryByTestId": [Function],
  "queryByText": [Function],
  "queryByTitle": [Function],
  "rerender": [Function],
  "unmount": [Function],
}
`;
