// Jest Snapshot v1, https://goo.gl/fbAQLP

exports[`TableBootstrap component render tableBootstrap correctly 1`] = `
Object {
  "asFragment": [Function],
  "baseElement": <body>
    <div>
      <div>
        <div
          class="flex items-center"
        >
          <label
            class="search-label"
            for="search-bar-0"
          >
            <span
              class="sr-only"
              id="search-bar-0-label"
            >
              Search this table
            </span>
            <input
              aria-labelledby="search-bar-0-label"
              class="form-control "
              id="search-bar-0"
              placeholder="Search..."
              type="text"
              value=""
            />
          </label>
          <button
            class="btn btn-default inline-flex ml-4 bg-gray-500 items-center small outline shadow-sm  font-medium  disabled:opacity-50 disabled:cursor-not-allowed text-center h-9 text-white"
          >
            Clear
          </button>
          <button
            class="ml-2 px-2 focus:outline-none bg-gray-500 items-center  outline shadow-sm  font-medium  text-center rounded-md h-9 text-white"
          >
            Clear all filters
          </button>
          <button
            class="react-bs-table-csv-btn btn btn-default inline-flex m-2.5 bg-gray-500 items-center  small outline shadow-sm  font-medium  disabled:opacity-50 disabled:cursor-not-allowed text-center h-9 text-white"
            type="button"
          >
            Export CSV!!
          </button>
          <div
            class="undefined"
          >
            <button
              class="undefined inline-flex items-center px-3 py-2 text-sm rounded-lg shadow-sm   font-medium text-gray-600 border border-gray-400 hover:shadow-lg disabled:opacity-50 disabled:cursor-not-allowed text-center"
              type="button"
            >
              <svg
                fill="currentColor"
                height="1em"
                stroke="currentColor"
                stroke-width="0"
                viewBox="0 0 448 512"
                width="1em"
                xmlns="http://www.w3.org/2000/svg"
              >
                <path
                  d="M207.029 381.476L12.686 187.132c-9.373-9.373-9.373-24.569 0-33.941l22.667-22.667c9.357-9.357 24.522-9.375 33.901-.04L224 284.505l154.745-154.021c9.379-9.335 24.544-9.317 33.901.04l22.667 22.667c9.373 9.373 9.373 24.569 0 33.941L240.971 381.476c-9.373 9.372-24.569 9.372-33.942 0z"
                />
              </svg>
            </button>
          </div>
        </div>
        <div
          class="scrollTable"
        >
          <div
            class="react-bootstrap-table"
          >
            <table
              class="table table-hover table-bordered"
            >
              <thead>
                <tr
                  class="bg-gray-500 text-white whitespace-nowrap"
                >
                  <th
                    tabindex="0"
                  >
                    Product ID
                  </th>
                  <th
                    tabindex="0"
                  >
                    Product Name
                  </th>
                  <th
                    tabindex="0"
                  >
                    Product Price
                  </th>
                </tr>
              </thead>
              <tbody>
                <tr>
                  <td>
                    001
                  </td>
                  <td>
                    Limsplus
                  </td>
                  <td>
                    100000
                  </td>
                </tr>
                <tr>
                  <td>
                    001
                  </td>
                  <td>
                    Limsplus
                  </td>
                  <td>
                    100000
                  </td>
                </tr>
                <tr>
                  <td>
                    001
                  </td>
                  <td>
                    Limsplus
                  </td>
                  <td>
                    100000
                  </td>
                </tr>
                <tr>
                  <td>
                    001
                  </td>
                  <td>
                    Limsplus
                  </td>
                  <td>
                    100000
                  </td>
                </tr>
                <tr>
                  <td>
                    001
                  </td>
                  <td>
                    Limsplus
                  </td>
                  <td>
                    100000
                  </td>
                </tr>
                <tr>
                  <td>
                    001
                  </td>
                  <td>
                    Limsplus
                  </td>
                  <td>
                    100000
                  </td>
                </tr>
              </tbody>
            </table>
          </div>
          <div
            class="row react-bootstrap-table-pagination"
          >
            <div
              class="col-md-6 col-xs-6 col-sm-6 col-lg-6"
            />
            <div
              class="react-bootstrap-table-pagination-list col-md-6 col-xs-6 col-sm-6 col-lg-6"
            >
              <ul
                class="pagination react-bootstrap-table-page-btns-ul"
              >
                <li
                  class="disabled page-item"
                >
                  <a
                    class="page-link"
                    href="#"
                  >
                    &lt;&lt;
                  </a>
                </li>
                <li
                  class="disabled page-item"
                >
                  <a
                    class="page-link"
                    href="#"
                  >
                    &lt;
                  </a>
                </li>
                <li
                  class="active page-item"
                >
                  <a
                    class="page-link"
                    href="#"
                  >
                    0
                  </a>
                </li>
                <li
                  class="page-item"
                >
                  <a
                    class="page-link"
                    href="#"
                  >
                    1
                  </a>
                </li>
                <li
                  class="page-item"
                >
                  <a
                    class="page-link"
                    href="#"
                  >
                    2
                  </a>
                </li>
                <li
                  class="page-item"
                >
                  <a
                    class="page-link"
                    href="#"
                  >
                    &gt;
                  </a>
                </li>
                <li
                  class="page-item"
                >
                  <a
                    class="page-link"
                    href="#"
                  >
                    &gt;&gt;
                  </a>
                </li>
              </ul>
            </div>
          </div>
        </div>
        <div
          class="flex items-center gap-2 mt-2"
        >
          <div
            class="btn-group items-center"
            role="group"
          >
            <input
              class="mr-2 ml-2 leading-4 p-2 w-14 focus:outline-none focus:ring block  shadow-sm sm:text-base border border-gray-300 rounded-md"
              min="0"
              placeholder="No"
              type="number"
            />
            <button
              class="btn  bg-primary"
              type="button"
            >
              10
            </button>
            <button
              class="btn  bg-grey"
              type="button"
            >
              20
            </button>
            <button
              class="btn  bg-grey"
              type="button"
            >
              30
            </button>
            <button
              class="btn  bg-grey"
              type="button"
            >
              40
            </button>
            <button
              class="btn  bg-grey"
              type="button"
            >
              50
            </button>
          </div>
        </div>
        <div
          class="flex items-center gap-2 mt-2"
        >
          <div
            class="clearfix"
          />
          <span>
            Showing 
            1
             to 
            6
             of 
            6
             Results
          </span>
        </div>
      </div>
    </div>
  </body>,
  "container": <div>
    <div>
      <div
        class="flex items-center"
      >
        <label
          class="search-label"
          for="search-bar-0"
        >
          <span
            class="sr-only"
            id="search-bar-0-label"
          >
            Search this table
          </span>
          <input
            aria-labelledby="search-bar-0-label"
            class="form-control "
            id="search-bar-0"
            placeholder="Search..."
            type="text"
            value=""
          />
        </label>
        <button
          class="btn btn-default inline-flex ml-4 bg-gray-500 items-center small outline shadow-sm  font-medium  disabled:opacity-50 disabled:cursor-not-allowed text-center h-9 text-white"
        >
          Clear
        </button>
        <button
          class="ml-2 px-2 focus:outline-none bg-gray-500 items-center  outline shadow-sm  font-medium  text-center rounded-md h-9 text-white"
        >
          Clear all filters
        </button>
        <button
          class="react-bs-table-csv-btn btn btn-default inline-flex m-2.5 bg-gray-500 items-center  small outline shadow-sm  font-medium  disabled:opacity-50 disabled:cursor-not-allowed text-center h-9 text-white"
          type="button"
        >
          Export CSV!!
        </button>
        <div
          class="undefined"
        >
          <button
            class="undefined inline-flex items-center px-3 py-2 text-sm rounded-lg shadow-sm   font-medium text-gray-600 border border-gray-400 hover:shadow-lg disabled:opacity-50 disabled:cursor-not-allowed text-center"
            type="button"
          >
            <svg
              fill="currentColor"
              height="1em"
              stroke="currentColor"
              stroke-width="0"
              viewBox="0 0 448 512"
              width="1em"
              xmlns="http://www.w3.org/2000/svg"
            >
              <path
                d="M207.029 381.476L12.686 187.132c-9.373-9.373-9.373-24.569 0-33.941l22.667-22.667c9.357-9.357 24.522-9.375 33.901-.04L224 284.505l154.745-154.021c9.379-9.335 24.544-9.317 33.901.04l22.667 22.667c9.373 9.373 9.373 24.569 0 33.941L240.971 381.476c-9.373 9.372-24.569 9.372-33.942 0z"
              />
            </svg>
          </button>
        </div>
      </div>
      <div
        class="scrollTable"
      >
        <div
          class="react-bootstrap-table"
        >
          <table
            class="table table-hover table-bordered"
          >
            <thead>
              <tr
                class="bg-gray-500 text-white whitespace-nowrap"
              >
                <th
                  tabindex="0"
                >
                  Product ID
                </th>
                <th
                  tabindex="0"
                >
                  Product Name
                </th>
                <th
                  tabindex="0"
                >
                  Product Price
                </th>
              </tr>
            </thead>
            <tbody>
              <tr>
                <td>
                  001
                </td>
                <td>
                  Limsplus
                </td>
                <td>
                  100000
                </td>
              </tr>
              <tr>
                <td>
                  001
                </td>
                <td>
                  Limsplus
                </td>
                <td>
                  100000
                </td>
              </tr>
              <tr>
                <td>
                  001
                </td>
                <td>
                  Limsplus
                </td>
                <td>
                  100000
                </td>
              </tr>
              <tr>
                <td>
                  001
                </td>
                <td>
                  Limsplus
                </td>
                <td>
                  100000
                </td>
              </tr>
              <tr>
                <td>
                  001
                </td>
                <td>
                  Limsplus
                </td>
                <td>
                  100000
                </td>
              </tr>
              <tr>
                <td>
                  001
                </td>
                <td>
                  Limsplus
                </td>
                <td>
                  100000
                </td>
              </tr>
            </tbody>
          </table>
        </div>
        <div
          class="row react-bootstrap-table-pagination"
        >
          <div
            class="col-md-6 col-xs-6 col-sm-6 col-lg-6"
          />
          <div
            class="react-bootstrap-table-pagination-list col-md-6 col-xs-6 col-sm-6 col-lg-6"
          >
            <ul
              class="pagination react-bootstrap-table-page-btns-ul"
            >
              <li
                class="disabled page-item"
              >
                <a
                  class="page-link"
                  href="#"
                >
                  &lt;&lt;
                </a>
              </li>
              <li
                class="disabled page-item"
              >
                <a
                  class="page-link"
                  href="#"
                >
                  &lt;
                </a>
              </li>
              <li
                class="active page-item"
              >
                <a
                  class="page-link"
                  href="#"
                >
                  0
                </a>
              </li>
              <li
                class="page-item"
              >
                <a
                  class="page-link"
                  href="#"
                >
                  1
                </a>
              </li>
              <li
                class="page-item"
              >
                <a
                  class="page-link"
                  href="#"
                >
                  2
                </a>
              </li>
              <li
                class="page-item"
              >
                <a
                  class="page-link"
                  href="#"
                >
                  &gt;
                </a>
              </li>
              <li
                class="page-item"
              >
                <a
                  class="page-link"
                  href="#"
                >
                  &gt;&gt;
                </a>
              </li>
            </ul>
          </div>
        </div>
      </div>
      <div
        class="flex items-center gap-2 mt-2"
      >
        <div
          class="btn-group items-center"
          role="group"
        >
          <input
            class="mr-2 ml-2 leading-4 p-2 w-14 focus:outline-none focus:ring block  shadow-sm sm:text-base border border-gray-300 rounded-md"
            min="0"
            placeholder="No"
            type="number"
          />
          <button
            class="btn  bg-primary"
            type="button"
          >
            10
          </button>
          <button
            class="btn  bg-grey"
            type="button"
          >
            20
          </button>
          <button
            class="btn  bg-grey"
            type="button"
          >
            30
          </button>
          <button
            class="btn  bg-grey"
            type="button"
          >
            40
          </button>
          <button
            class="btn  bg-grey"
            type="button"
          >
            50
          </button>
        </div>
      </div>
      <div
        class="flex items-center gap-2 mt-2"
      >
        <div
          class="clearfix"
        />
        <span>
          Showing 
          1
           to 
          6
           of 
          6
           Results
        </span>
      </div>
    </div>
  </div>,
  "debug": [Function],
  "findAllByAltText": [Function],
  "findAllByDisplayValue": [Function],
  "findAllByLabelText": [Function],
  "findAllByPlaceholderText": [Function],
  "findAllByRole": [Function],
  "findAllByTestId": [Function],
  "findAllByText": [Function],
  "findAllByTitle": [Function],
  "findByAltText": [Function],
  "findByDisplayValue": [Function],
  "findByLabelText": [Function],
  "findByPlaceholderText": [Function],
  "findByRole": [Function],
  "findByTestId": [Function],
  "findByText": [Function],
  "findByTitle": [Function],
  "getAllByAltText": [Function],
  "getAllByDisplayValue": [Function],
  "getAllByLabelText": [Function],
  "getAllByPlaceholderText": [Function],
  "getAllByRole": [Function],
  "getAllByTestId": [Function],
  "getAllByText": [Function],
  "getAllByTitle": [Function],
  "getByAltText": [Function],
  "getByDisplayValue": [Function],
  "getByLabelText": [Function],
  "getByPlaceholderText": [Function],
  "getByRole": [Function],
  "getByTestId": [Function],
  "getByText": [Function],
  "getByTitle": [Function],
  "queryAllByAltText": [Function],
  "queryAllByDisplayValue": [Function],
  "queryAllByLabelText": [Function],
  "queryAllByPlaceholderText": [Function],
  "queryAllByRole": [Function],
  "queryAllByTestId": [Function],
  "queryAllByText": [Function],
  "queryAllByTitle": [Function],
  "queryByAltText": [Function],
  "queryByDisplayValue": [Function],
  "queryByLabelText": [Function],
  "queryByPlaceholderText": [Function],
  "queryByRole": [Function],
  "queryByTestId": [Function],
  "queryByText": [Function],
  "queryByTitle": [Function],
  "rerender": [Function],
  "unmount": [Function],
}
`;
