// Jest Snapshot v1, https://goo.gl/fbAQLP

exports[`asyncComponent component should render correct 1`] = `[Function]`;
