// Jest Snapshot v1, https://goo.gl/fbAQLP

exports[`App component render App correctly 1`] = `
Object {
  "asFragment": [Function],
  "baseElement": <body>
    <div>
      <div>
        <div
          class="vh-50 d-flex container-fluid"
        >
          <div
            class="justify-content-center align-self-center w-100 text-center row"
          >
            <div
              class="spinner-border text-primary"
              role="status"
            >
              <span
                class="visually-hidden"
              >
                Loading...
              </span>
            </div>
          </div>
        </div>
      </div>
      <div
        aria-live="assertive"
        class="redux-toastr"
      >
        <div>
          <div
            class="top-left"
          />
          <div
            class="top-right"
          />
          <div
            class="top-center"
          />
          <div
            class="bottom-left"
          />
          <div
            class="bottom-right"
          />
          <div
            class="bottom-center"
          />
        </div>
      </div>
      <div
        class="Toastify"
      />
    </div>
  </body>,
  "container": <div>
    <div>
      <div
        class="vh-50 d-flex container-fluid"
      >
        <div
          class="justify-content-center align-self-center w-100 text-center row"
        >
          <div
            class="spinner-border text-primary"
            role="status"
          >
            <span
              class="visually-hidden"
            >
              Loading...
            </span>
          </div>
        </div>
      </div>
    </div>
    <div
      aria-live="assertive"
      class="redux-toastr"
    >
      <div>
        <div
          class="top-left"
        />
        <div
          class="top-right"
        />
        <div
          class="top-center"
        />
        <div
          class="bottom-left"
        />
        <div
          class="bottom-right"
        />
        <div
          class="bottom-center"
        />
      </div>
    </div>
    <div
      class="Toastify"
    />
  </div>,
  "debug": [Function],
  "findAllByAltText": [Function],
  "findAllByDisplayValue": [Function],
  "findAllByLabelText": [Function],
  "findAllByPlaceholderText": [Function],
  "findAllByRole": [Function],
  "findAllByTestId": [Function],
  "findAllByText": [Function],
  "findAllByTitle": [Function],
  "findByAltText": [Function],
  "findByDisplayValue": [Function],
  "findByLabelText": [Function],
  "findByPlaceholderText": [Function],
  "findByRole": [Function],
  "findByTestId": [Function],
  "findByText": [Function],
  "findByTitle": [Function],
  "getAllByAltText": [Function],
  "getAllByDisplayValue": [Function],
  "getAllByLabelText": [Function],
  "getAllByPlaceholderText": [Function],
  "getAllByRole": [Function],
  "getAllByTestId": [Function],
  "getAllByText": [Function],
  "getAllByTitle": [Function],
  "getByAltText": [Function],
  "getByDisplayValue": [Function],
  "getByLabelText": [Function],
  "getByPlaceholderText": [Function],
  "getByRole": [Function],
  "getByTestId": [Function],
  "getByText": [Function],
  "getByTitle": [Function],
  "queryAllByAltText": [Function],
  "queryAllByDisplayValue": [Function],
  "queryAllByLabelText": [Function],
  "queryAllByPlaceholderText": [Function],
  "queryAllByRole": [Function],
  "queryAllByTestId": [Function],
  "queryAllByText": [Function],
  "queryAllByTitle": [Function],
  "queryByAltText": [Function],
  "queryByDisplayValue": [Function],
  "queryByLabelText": [Function],
  "queryByPlaceholderText": [Function],
  "queryByRole": [Function],
  "queryByTestId": [Function],
  "queryByText": [Function],
  "queryByTitle": [Function],
  "rerender": [Function],
  "unmount": [Function],
}
`;
